// Jest Snapshot v1, https://goo.gl/fbAQLP

exports[`<App /> layout looks like the registered snapshot 1`] = `
<div
  className="fxp"
>
  <Currency
    currencies={
      Array [
        "EUR",
        "USD",
      ]
    }
    currency="EUR"
    key="0"
    onAmountEdited={[Function]}
    onCurrencyEdited={[Function]}
    type="quote"
    uuid={0}
  />
  <Currency
    currencies={
      Array [
        "EUR",
        "USD",
      ]
    }
    currency="USD"
    key="1"
    onAmountEdited={[Function]}
    onCurrencyEdited={[Function]}
    type="quote"
    uuid={1}
  />
</div>
`;
