// Jest Snapshot v1, https://goo.gl/fbAQLP

exports[`Wrapping, static UI layout looks like the registered snapshot 1`] = `
<div
  className="fxp"
>
  <header>
    <h1
      className="fxp-title"
    >
      fxPocket
    </h1>
    <h2
      className="fxp-motto"
    >
      Currency conversion made easy.
    </h2>
  </header>
  <App />
  <footer>
    <ul
      className="fxp-u-list  fxp-footer-links"
    >
      <li
        className="fxp-u-list__item"
      >
        <a
          className="fxp-footer-link"
          href="https://github.com/chikamichi/fxpocket/"
        >
          source
        </a>
      </li>
      <li
        className="fxp-u-list__item"
      >
        <a
          className="fxp-footer-link"
          href="https://en.wikipedia.org/wiki/Exchange_rate"
        >
          about exchange rates
        </a>
      </li>
    </ul>
  </footer>
</div>
`;
